[0m16:31:57.785214 [debug] [MainThread]: Sending event: {'category': 'dbt', 'action': 'invocation', 'label': 'start', 'context': [<snowplow_tracker.self_describing_json.SelfDescribingJson object at 0x000001E17F923950>, <snowplow_tracker.self_describing_json.SelfDescribingJson object at 0x000001E17F8F8050>, <snowplow_tracker.self_describing_json.SelfDescribingJson object at 0x000001E17F8F8ED0>]}


============================== 16:31:57.792570 | 7e0ed73f-5db3-4893-bcf9-f4aa8a529b1e ==============================
[0m16:31:57.792570 [info ] [MainThread]: Running with dbt=1.12.3
[0m16:31:57.793578 [debug] [MainThread]: running dbt with arguments {'static_parser': 'True', 'no_print': 'None', 'version_check': 'True', 'warn_error_options': 'WarnErrorOptionsV2(error=[], warn=[], silence=[])', 'target_path': 'None', 'maximum_seed_size_mib': '1', 'printer_width': '80', 'write_json': 'True', 'introspect': 'True', 'log_cache_events': 'False', 'empty': 'None', 'cache_selected_only': 'False', 'log_format': 'default', 'debug': 'False', 'fail_fast': 'False', 'partial_parse': 'True', 'send_anonymous_usage_stats': 'True', 'quiet': 'False', 'warn_error': 'None', 'profiles_dir': 'C:\\Users\\Admin\\.dbt', 'invocation_command': 'dbt init', 'hints_enabled': 'True', 'use_colors': 'True', 'use_experimental_parser': 'False', 'indirect_selection': 'eager', 'log_path': 'logs'}
[0m16:31:57.846995 [info ] [MainThread]: Creating dbt configuration folder at C:\Users\Admin\.dbt
[0m16:32:37.755791 [debug] [MainThread]: Starter project path: C:\Users\Admin\Desktop\proyectos\enterprise-elt-data-warehouse\venv\Lib\site-packages\dbt\include\starter_project
[0m16:32:38.036565 [info ] [MainThread]: Setting up your profile.
[0m16:32:53.919153 [info ] [MainThread]: Profile northwind_datawarehouse written to C:\Users\Admin\.dbt\profiles.yml using target's sample configuration. Once updated, you'll be able to start developing with dbt.
[0m16:32:53.924528 [info ] [MainThread]: Running dbt debug to validate the project...
[0m16:32:53.926532 [info ] [MainThread]: dbt version: 1.12.3
[0m16:32:53.928535 [info ] [MainThread]: python version: 3.11.3
[0m16:32:53.929527 [info ] [MainThread]: python path: C:\Users\Admin\Desktop\proyectos\enterprise-elt-data-warehouse\venv\Scripts\python.exe
[0m16:32:53.930528 [info ] [MainThread]: os info: Windows-10-10.0.26200-SP0
[0m16:32:54.046079 [info ] [MainThread]: Using profiles dir at C:\Users\Admin\.dbt
[0m16:32:54.048079 [info ] [MainThread]: Using profiles.yml file at C:\Users\Admin\.dbt\profiles.yml
[0m16:32:54.049080 [info ] [MainThread]: Using dbt_project.yml file at C:\Users\Admin\Desktop\proyectos\enterprise-elt-data-warehouse\northwind_datawarehouse\dbt_project.yml
[0m16:32:54.056081 [info ] [MainThread]: adapter type: duckdb
[0m16:32:54.057079 [info ] [MainThread]: adapter version: 1.11.0
[0m16:32:54.223075 [info ] [MainThread]: Configuration:
[0m16:32:54.224076 [info ] [MainThread]:   profiles.yml file [[32mOK found and valid[0m]
[0m16:32:54.226080 [info ] [MainThread]:   dbt_project.yml file [[32mOK found and valid[0m]
[0m16:32:54.227076 [info ] [MainThread]: Required dependencies:
[0m16:32:54.228075 [debug] [MainThread]: Executing "git --help"
[0m16:32:54.296077 [debug] [MainThread]: STDOUT: "b"usage: git [-v | --version] [-h | --help] [-C <path>] [-c <name>=<value>]\n           [--exec-path[=<path>]] [--html-path] [--man-path] [--info-path]\n           [-p | --paginate | -P | --no-pager] [--no-replace-objects] [--no-lazy-fetch]\n           [--no-optional-locks] [--no-advice] [--bare] [--git-dir=<path>]\n           [--work-tree=<path>] [--namespace=<name>] [--config-env=<name>=<envvar>]\n           <command> [<args>]\n\nThese are common Git commands used in various situations:\n\nstart a working area (see also: git help tutorial)\n   clone      Clone a repository into a new directory\n   init       Create an empty Git repository or reinitialize an existing one\n\nwork on the current change (see also: git help everyday)\n   add        Add file contents to the index\n   mv         Move or rename a file, a directory, or a symlink\n   restore    Restore working tree files\n   rm         Remove files from the working tree and from the index\n\nexamine the history and state (see also: git help revisions)\n   bisect     Use binary search to find the commit that introduced a bug\n   diff       Show changes between commits, commit and working tree, etc\n   grep       Print lines matching a pattern\n   log        Show commit logs\n   show       Show various types of objects\n   status     Show the working tree status\n\ngrow, mark and tweak your common history\n   backfill   Download missing objects in a partial clone\n   branch     List, create, or delete branches\n   commit     Record changes to the repository\n   merge      Join two or more development histories together\n   rebase     Reapply commits on top of another base tip\n   reset      Reset current HEAD to the specified state\n   switch     Switch branches\n   tag        Create, list, delete or verify a tag object signed with GPG\n\ncollaborate (see also: git help workflows)\n   fetch      Download objects and refs from another repository\n   pull       Fetch from and integrate with another repository or a local branch\n   push       Update remote refs along with associated objects\n\n'git help -a' and 'git help -g' list available subcommands and some\nconcept guides. See 'git help <command>' or 'git help <concept>'\nto read about a specific subcommand or concept.\nSee 'git help git' for an overview of the system.\n""
[0m16:32:54.298077 [debug] [MainThread]: STDERR: "b''"
[0m16:32:54.299076 [info ] [MainThread]:  - git [[32mOK found[0m]

[0m16:32:54.300075 [info ] [MainThread]: Connection:
[0m16:32:54.301078 [info ] [MainThread]:   database: dev
[0m16:32:54.302078 [info ] [MainThread]:   schema: main
[0m16:32:54.303079 [info ] [MainThread]:   path: dev.duckdb
[0m16:32:54.304077 [info ] [MainThread]:   config_options: None
[0m16:32:54.306080 [info ] [MainThread]:   extensions: None
[0m16:32:54.308085 [info ] [MainThread]:   settings: {}
[0m16:32:54.310078 [info ] [MainThread]:   external_root: .
[0m16:32:54.311077 [info ] [MainThread]:   use_credential_provider: None
[0m16:32:54.313083 [info ] [MainThread]:   attach: None
[0m16:32:54.315079 [info ] [MainThread]:   filesystems: None
[0m16:32:54.316078 [info ] [MainThread]:   remote: None
[0m16:32:54.317076 [info ] [MainThread]:   plugins: None
[0m16:32:54.318079 [info ] [MainThread]:   disable_transactions: False
[0m16:32:54.322078 [info ] [MainThread]: Registered adapter: duckdb=1.11.0
[0m16:32:54.807178 [debug] [MainThread]: Acquiring new duckdb connection 'debug'
[0m16:33:00.691384 [debug] [MainThread]: Using duckdb connection "debug"
[0m16:33:00.692386 [debug] [MainThread]: On debug: select 1 as id
[0m16:33:00.693384 [debug] [MainThread]: Opening a new connection, currently in state init
[0m16:33:00.736219 [debug] [MainThread]: SQL status: OK in 0.043 seconds
[0m16:33:00.738223 [debug] [MainThread]: On debug: Close
[0m16:33:00.739224 [info ] [MainThread]:   Connection test: [[32mOK connection ok[0m]

[0m16:33:00.740221 [info ] [MainThread]: [32mAll checks passed![0m
[0m16:33:00.742224 [info ] [MainThread]: Your new dbt project "northwind_datawarehouse" was created!
Initialized new project in C:\Users\Admin\Desktop\proyectos\enterprise-elt-data-warehouse\northwind_datawarehouse\northwind_datawarehouse

For more information on how to configure the profiles.yml file,
please consult the dbt documentation here:

  https://docs.getdbt.com/docs/configure-your-profile

One more thing:

Need help? Don't hesitate to reach out to us via GitHub issues or on Slack:

  https://community.getdbt.com/

Happy modeling!

[0m16:33:00.744225 [debug] [MainThread]: Command `dbt init` succeeded at 16:33:00.744225 after 63.12 seconds
[0m16:33:00.745221 [debug] [MainThread]: Connection 'debug' was properly closed.
[0m16:33:00.747220 [debug] [MainThread]: Sending event: {'category': 'dbt', 'action': 'invocation', 'label': 'end', 'context': [<snowplow_tracker.self_describing_json.SelfDescribingJson object at 0x000001E17875F190>, <snowplow_tracker.self_describing_json.SelfDescribingJson object at 0x000001E17F8986D0>, <snowplow_tracker.self_describing_json.SelfDescribingJson object at 0x000001E17F7D8A50>]}
[0m16:33:00.748220 [debug] [MainThread]: Flushing usage events
[0m16:33:01.300006 [debug] [MainThread]: An error was encountered while trying to flush usage events
[0m17:13:43.818405 [debug] [MainThread]: Sending event: {'category': 'dbt', 'action': 'invocation', 'label': 'start', 'context': [<snowplow_tracker.self_describing_json.SelfDescribingJson object at 0x000001C8ECAB7F10>, <snowplow_tracker.self_describing_json.SelfDescribingJson object at 0x000001C8F1F1F750>, <snowplow_tracker.self_describing_json.SelfDescribingJson object at 0x000001C8F074F490>]}


============================== 17:13:43.828420 | 3539683e-7619-4251-8966-9fe508055c0d ==============================
[0m17:13:43.828420 [info ] [MainThread]: Running with dbt=1.12.3
[0m17:13:43.830402 [debug] [MainThread]: running dbt with arguments {'maximum_seed_size_mib': '1', 'no_print': 'None', 'version_check': 'True', 'warn_error_options': 'WarnErrorOptionsV2(error=[], warn=[], silence=[])', 'target_path': 'None', 'static_parser': 'True', 'printer_width': '80', 'write_json': 'True', 'empty': 'False', 'log_cache_events': 'False', 'introspect': 'True', 'cache_selected_only': 'False', 'fail_fast': 'False', 'debug': 'False', 'log_format': 'default', 'partial_parse': 'True', 'send_anonymous_usage_stats': 'True', 'quiet': 'False', 'warn_error': 'None', 'profiles_dir': 'C:\\Users\\Admin\\.dbt', 'indirect_selection': 'eager', 'hints_enabled': 'True', 'invocation_command': 'dbt run --select bronze', 'use_experimental_parser': 'False', 'use_colors': 'True', 'log_path': 'logs'}
[0m17:13:43.831400 [error] [MainThread]: [[31mERROR[0m]: Encountered an error:
Runtime Error
  No dbt_project.yml found at expected path C:\Users\Admin\Desktop\proyectos\enterprise-elt-data-warehouse\dbt_project.yml
  Verify that each entry within packages.yml (and their transitive dependencies) contains a file named dbt_project.yml
  
[0m17:13:43.834401 [debug] [MainThread]: Command `dbt run` failed at 17:13:43.833404 after 0.30 seconds
[0m17:13:43.835405 [debug] [MainThread]: Sending event: {'category': 'dbt', 'action': 'invocation', 'label': 'end', 'context': [<snowplow_tracker.self_describing_json.SelfDescribingJson object at 0x000001C8F1E2FCD0>, <snowplow_tracker.self_describing_json.SelfDescribingJson object at 0x000001C8F1E2E950>, <snowplow_tracker.self_describing_json.SelfDescribingJson object at 0x000001C8F1E2FF10>]}
[0m17:13:43.836402 [debug] [MainThread]: Flushing usage events
[0m17:13:44.472861 [debug] [MainThread]: An error was encountered while trying to flush usage events
[0m17:32:22.230724 [debug] [MainThread]: Sending event: {'category': 'dbt', 'action': 'invocation', 'label': 'start', 'context': [<snowplow_tracker.self_describing_json.SelfDescribingJson object at 0x000002A0679BFCD0>, <snowplow_tracker.self_describing_json.SelfDescribingJson object at 0x000002A06A843A50>, <snowplow_tracker.self_describing_json.SelfDescribingJson object at 0x000002A06A78AA10>]}


============================== 17:32:22.236725 | 66a89934-8f19-4225-bb01-fc9c1609c5b7 ==============================
[0m17:32:22.236725 [info ] [MainThread]: Running with dbt=1.12.3
[0m17:32:22.237728 [debug] [MainThread]: running dbt with arguments {'static_parser': 'True', 'no_print': 'None', 'maximum_seed_size_mib': '1', 'target_path': 'None', 'warn_error_options': 'WarnErrorOptionsV2(error=[], warn=[], silence=[])', 'version_check': 'True', 'printer_width': '80', 'write_json': 'True', 'empty': 'False', 'log_cache_events': 'False', 'introspect': 'True', 'cache_selected_only': 'False', 'log_format': 'default', 'debug': 'False', 'fail_fast': 'False', 'partial_parse': 'True', 'send_anonymous_usage_stats': 'True', 'quiet': 'False', 'warn_error': 'None', 'profiles_dir': 'C:\\Users\\Admin\\.dbt', 'use_colors': 'True', 'hints_enabled': 'True', 'invocation_command': 'dbt run --select bronze_employees', 'use_experimental_parser': 'False', 'indirect_selection': 'eager', 'log_path': 'logs'}
[0m17:32:22.239728 [error] [MainThread]: [[31mERROR[0m]: Encountered an error:
Runtime Error
  No dbt_project.yml found at expected path C:\Users\Admin\Desktop\proyectos\enterprise-elt-data-warehouse\dbt_project.yml
  Verify that each entry within packages.yml (and their transitive dependencies) contains a file named dbt_project.yml
  
[0m17:32:22.241725 [debug] [MainThread]: Command `dbt run` failed at 17:32:22.241725 after 0.18 seconds
[0m17:32:22.242816 [debug] [MainThread]: Sending event: {'category': 'dbt', 'action': 'invocation', 'label': 'end', 'context': [<snowplow_tracker.self_describing_json.SelfDescribingJson object at 0x000002A06A84C150>, <snowplow_tracker.self_describing_json.SelfDescribingJson object at 0x000002A06A8438D0>, <snowplow_tracker.self_describing_json.SelfDescribingJson object at 0x000002A06A8423D0>]}
[0m17:32:22.243726 [debug] [MainThread]: Flushing usage events
[0m17:32:22.879021 [debug] [MainThread]: An error was encountered while trying to flush usage events
